../Core/Src/flash.c:8:9:SPIFLASH_disk_initialize	4	static
../Core/Src/flash.c:13:9:SPI_Read_Byte	8	static
../Core/Src/flash.c:18:9:SPI_Write_Byte	32	static
../Core/Src/flash.c:26:5:Flash_GetChipID	16	static
../Core/Src/flash.c:44:6:Flash_Read_StatusReg	16	static
../Core/Src/flash.c:53:6:Flash_Write_StatusReg	16	static
../Core/Src/flash.c:60:6:Flash_Write_Enable	8	static
../Core/Src/flash.c:66:6:Flash_Write_Disable	8	static
../Core/Src/flash.c:72:6:Flash_Wait_Busy	8	static
../Core/Src/flash.c:77:6:Flash_Erase_Sector	16	static
../Core/Src/flash.c:92:6:Flash_Erase_Block	16	static
../Core/Src/flash.c:107:6:Flash_Erase_Chip	8	static
../Core/Src/flash.c:119:6:Flash_Read_Bytes	40	static
../Core/Src/flash.c:135:6:Flash_Read_Sector	32	static
../Core/Src/flash.c:153:6:Flash_Write_Bytes	32	static
../Core/Src/flash.c:172:6:Flash_Write_Sector	24	static
