../Core/Src/main.c:67:6:W25Q128JV_WriteEnable	16	static
../Core/Src/main.c:74:6:W25Q128JV_WriteDisable	16	static
../Core/Src/main.c:81:6:PageProgram	32	static
../Core/Src/main.c:96:6:Read	32	static
../Core/Src/main.c:110:6:sectorerase	24	static
../Core/Src/main.c:129:5:main	24	static
../Core/Src/main.c:197:6:SystemClock_Config	96	static
../Core/Src/main.c:242:13:MX_SPI2_Init	8	static
../Core/Src/main.c:282:13:MX_GPIO_Init	40	static
../Core/Src/main.c:324:6:Error_Handler	4	static,ignoring_inline_asm
