../Core/Src/main.c:67:6:W25Q128JV_WriteEnable	16	static
../Core/Src/main.c:74:6:W25Q128JV_ChipErase	16	static
../Core/Src/main.c:85:6:PageProgram	32	static
../Core/Src/main.c:100:6:Read	32	static
../Core/Src/main.c:113:9:ReadStatusRegister1	16	static
../Core/Src/main.c:125:6:Sectorerase	24	static
../Core/Src/main.c:149:5:main	40	static
../Core/Src/main.c:209:6:SystemClock_Config	96	static
../Core/Src/main.c:254:13:MX_SPI2_Init	8	static
../Core/Src/main.c:294:13:MX_GPIO_Init	40	static
../Core/Src/main.c:336:6:Error_Handler	4	static,ignoring_inline_asm
